// Jest Snapshot v1, https://goo.gl/fbAQLP

exports[` 1`] = `
Object {
  "asFragment": [Function],
  "baseElement": <body>
    <div>
      <a
        class="pokemon"
        href="https://www.google.com/search?q=considsrtuhsrthsxaw"
        rel="noreferrer"
        target="_blank"
      >
        <img
          alt="considsrtuhsrthsxaw"
          src="http://assets.pokemon.com/assets/cms2/img/pokedex/full/172.png"
        />
        <span
          class="name"
        >
          considsrtuhsrthsxaw
        </span>
        <span>
          Type: 
          person
        </span>
        <span>
          HP: 
          110
        </span>
        <span>
          Attack: 
          20
        </span>
        <span>
          Defense: 
          40
        </span>
      </a>
    </div>
  </body>,
  "container": <div>
    <a
      class="pokemon"
      href="https://www.google.com/search?q=considsrtuhsrthsxaw"
      rel="noreferrer"
      target="_blank"
    >
      <img
        alt="considsrtuhsrthsxaw"
        src="http://assets.pokemon.com/assets/cms2/img/pokedex/full/172.png"
      />
      <span
        class="name"
      >
        considsrtuhsrthsxaw
      </span>
      <span>
        Type: 
        person
      </span>
      <span>
        HP: 
        110
      </span>
      <span>
        Attack: 
        20
      </span>
      <span>
        Defense: 
        40
      </span>
    </a>
  </div>,
  "debug": [Function],
  "findAllByAltText": [Function],
  "findAllByDisplayValue": [Function],
  "findAllByLabelText": [Function],
  "findAllByPlaceholderText": [Function],
  "findAllByRole": [Function],
  "findAllByTestId": [Function],
  "findAllByText": [Function],
  "findAllByTitle": [Function],
  "findByAltText": [Function],
  "findByDisplayValue": [Function],
  "findByLabelText": [Function],
  "findByPlaceholderText": [Function],
  "findByRole": [Function],
  "findByTestId": [Function],
  "findByText": [Function],
  "findByTitle": [Function],
  "getAllByAltText": [Function],
  "getAllByDisplayValue": [Function],
  "getAllByLabelText": [Function],
  "getAllByPlaceholderText": [Function],
  "getAllByRole": [Function],
  "getAllByTestId": [Function],
  "getAllByText": [Function],
  "getAllByTitle": [Function],
  "getByAltText": [Function],
  "getByDisplayValue": [Function],
  "getByLabelText": [Function],
  "getByPlaceholderText": [Function],
  "getByRole": [Function],
  "getByTestId": [Function],
  "getByText": [Function],
  "getByTitle": [Function],
  "queryAllByAltText": [Function],
  "queryAllByDisplayValue": [Function],
  "queryAllByLabelText": [Function],
  "queryAllByPlaceholderText": [Function],
  "queryAllByRole": [Function],
  "queryAllByTestId": [Function],
  "queryAllByText": [Function],
  "queryAllByTitle": [Function],
  "queryByAltText": [Function],
  "queryByDisplayValue": [Function],
  "queryByLabelText": [Function],
  "queryByPlaceholderText": [Function],
  "queryByRole": [Function],
  "queryByTestId": [Function],
  "queryByText": [Function],
  "queryByTitle": [Function],
  "rerender": [Function],
  "unmount": [Function],
}
`;
